<class HelloClass>
test field
2
<fn printMe>
I'm a method in a class
animal running
The German chocolate cake is delicious!
50.265482448