first loop
0
1
2
3
4
5
6
second loop
90
91
80
81
70
71
60
61
50
51
end