Fibonacci sequence
0
1
1
2
3
5
8
13
21
34
Closure
1
2
Binding
global
global