5
10
Infinity
8.5
this is a string
string1 string2
true
false
valid
invalid