this is a text
nil
1
Scoping
2
5
1
[line 21] Error at 'b': Undefined variable 'b'.